[1510月2025 10:01:47.539] [main/INFO] [cpw.mods.modlauncher.Launcher/MODLAUNCHER]: ModLauncher running: args [--launchTarget, forgeclientuserdev, --version, MOD_DEV, --assetIndex, 5, --assetsDir, C:\\Users\\gummy\\.gradle\\caches\\neoformruntime\\assets, --gameDir, ., --fml.forgeVersion, 47.1.3, --fml.mcVersion, 1.20.1, --fml.forgeGroup, net.minecraftforge, --fml.mcpVersion, 20230612.114412]
[1510月2025 10:01:47.546] [main/INFO] [cpw.mods.modlauncher.Launcher/MODLAUNCHER]: ModLauncher 10.0.10+10.0.10+main.22f00f84 starting: java version 21.0.3 by Oracle Corporation; OS Windows 11 arch amd64 version 10.0
[1510月2025 10:01:47.728] [main/WARN] [net.minecraftforge.fml.loading.FMLConfig/CORE]: Configuration file C:\Users\gummy\IdeaProjects\SophisticatedMAS\run-client\config\fml.toml is not correct. Correcting
[1510月2025 10:01:47.730] [main/INFO] [net.minecraftforge.fml.loading.FMLConfig/CORE]: Incorrect key [earlyWindowSkipGLVersions] was corrected from null to []
[1510月2025 10:01:47.731] [main/INFO] [net.minecraftforge.fml.loading.FMLConfig/CORE]: Incorrect key [earlyWindowSquir] was corrected from null to false
[1510月2025 10:01:47.746] [main/INFO] [net.minecraftforge.fml.loading.ImmediateWindowHandler/]: Loading ImmediateWindowProvider fmlearlywindow
[1510月2025 10:01:47.828] [main/INFO] [EARLYDISPLAY/]: Trying GL version 4.6
[1510月2025 10:01:48.045] [main/INFO] [EARLYDISPLAY/]: Requested GL version 4.6 got version 4.6
[1510月2025 10:01:48.140] [main/INFO] [mixin/]: SpongePowered MIXIN Subsystem Version=0.8.5 Source=union:/C:/Users/gummy/.gradle/caches/modules-2/files-2.1/org.spongepowered/mixin/0.8.5/9d1c0c3a304ae6697ecd477218fa61b850bf57fc/mixin-0.8.5.jar%23186!/ Service=ModLauncher Env=CLIENT
[1510月2025 10:01:48.440] [pool-2-thread-1/INFO] [EARLYDISPLAY/]: GL info: NVIDIA GeForce RTX 4060/PCIe/SSE2 GL version 4.6.0 NVIDIA 581.29, NVIDIA Corporation
[1510月2025 10:01:49.724] [main/WARN] [net.minecraftforge.fml.loading.moddiscovery.ModFileParser/LOADING]: Mod file C:\Users\gummy\.gradle\caches\modules-2\files-2.1\net.minecraftforge\fmlcore\1.20.1-47.1.3\1aadc0201d8e97b107d9978c7fe066bb54bbb9dc\fmlcore-1.20.1-47.1.3.jar is missing mods.toml file
[1510月2025 10:01:49.728] [main/WARN] [net.minecraftforge.fml.loading.moddiscovery.ModFileParser/LOADING]: Mod file C:\Users\gummy\.gradle\caches\modules-2\files-2.1\net.minecraftforge\javafmllanguage\1.20.1-47.1.3\9775dc3f284cdb3e0d33b372c328c6ef88e434b0\javafmllanguage-1.20.1-47.1.3.jar is missing mods.toml file
[1510月2025 10:01:49.732] [main/WARN] [net.minecraftforge.fml.loading.moddiscovery.ModFileParser/LOADING]: Mod file C:\Users\gummy\.gradle\caches\modules-2\files-2.1\net.minecraftforge\lowcodelanguage\1.20.1-47.1.3\d785f4087ec3be094fd5aed801f5366ca958a81b\lowcodelanguage-1.20.1-47.1.3.jar is missing mods.toml file
[1510月2025 10:01:49.736] [main/WARN] [net.minecraftforge.fml.loading.moddiscovery.ModFileParser/LOADING]: Mod file C:\Users\gummy\.gradle\caches\modules-2\files-2.1\net.minecraftforge\mclanguage\1.20.1-47.1.3\be60c45f3578cdf944a669c6ea16fd91bec50f2e\mclanguage-1.20.1-47.1.3.jar is missing mods.toml file
[1510月2025 10:01:50.105] [main/INFO] [net.minecraftforge.fml.loading.moddiscovery.JarInJarDependencyLocator/]: Found 4 dependencies adding them to mods collection
[1510月2025 10:01:50.194] [main/ERROR] [net.minecraftforge.fml.loading.ModSorter/LOADING]: Missing or unsupported mandatory dependencies:
	Mod ID: 'library_of_exile', Requested by: 'mmorpg', Expected range: '[2.1.2,)', Actual version: '[MISSING]'
	Mod ID: 'playeranimator', Requested by: 'mmorpg', Expected range: '[0,)', Actual version: '[MISSING]'
	Mod ID: 'dungeon_realm', Requested by: 'mmorpg', Expected range: '[1.1.3,)', Actual version: '[MISSING]'
	Mod ID: 'curios', Requested by: 'mmorpg', Expected range: '[0,)', Actual version: '[MISSING]'
	Mod ID: 'the_harvest', Requested by: 'mmorpg', Expected range: '[1.1.1,)', Actual version: '[MISSING]'
	Mod ID: 'sophisticatedcore', Requested by: 'sophisticatedmas', Expected range: '[1.20.1-1.2.105.1230,)', Actual version: '1.2.105.1230'
[1510月2025 10:01:56.289] [main/INFO] [mixin/]: Successfully loaded Mixin Connector [com.robertx22.mmorpg.MixinConnector]
[1510月2025 10:01:56.289] [main/INFO] [cpw.mods.modlauncher.LaunchServiceHandler/MODLAUNCHER]: Launching target 'forgeclientuserdev' with arguments [--version, MOD_DEV, --gameDir, ., --assetsDir, C:\Users\gummy\.gradle\caches\neoformruntime\assets, --assetIndex, 5]
[1510月2025 10:01:56.512] [main/INFO] [mixin/]: Remapping refMap mmorpg.refmap.json using C:\\Users\\gummy\\IdeaProjects\\SophisticatedMAS\\build\\moddev\\artifacts\\intermediateToNamed.srg
[1510月2025 10:01:56.851] [main/INFO] [MixinExtras|Service/]: Initializing MixinExtras via com.llamalad7.mixinextras.service.MixinExtrasServiceImpl(version=0.4.1).
[1510月2025 10:02:00.091] [pool-4-thread-1/WARN] [mixin/]: Error loading class: com/robertx22/library_of_exile/utils/ItemstackDataSaver (java.lang.ClassNotFoundException: com.robertx22.library_of_exile.utils.ItemstackDataSaver)
